22:16:46 **** Incremental Build of configuration Debug for project Practica_T5_P1 ****
make -j4 all 
arm-none-eabi-gcc "../Src/main.c" -mcpu=cortex-m4 -std=gnu11 -g3 -DDEBUG -DSTM32 -DSTM32F429ZITx -DSTM32F4 -DNUCLEO_F429ZI -DUSE_HAL_DRIVER -DSTM32F429xx -c -I../Inc -I"C:/WORKSPACE_STM32/PdM_workspace/Practica_T5_P1/Drivers/STM32F4xx_HAL_Driver/Inc" -I"C:/WORKSPACE_STM32/PdM_workspace/Practica_T5_P1/Drivers/CMSIS/Include" -I"C:/WORKSPACE_STM32/PdM_workspace/Practica_T5_P1/Drivers/CMSIS/Device/ST/STM32F4xx/Include" -I"C:/WORKSPACE_STM32/PdM_workspace/Practica_T5_P1/Drivers/BSP/STM32F4xx_Nucleo_144" -I"C:/WORKSPACE_STM32/PdM_workspace/Practica_T5_P1/Drivers/Core/Inc" -I"C:/WORKSPACE_STM32/PdM_workspace/Practica_T5_P1/Drivers/API/Inc" -I"C:/WORKSPACE_STM32/PdM_workspace/Practica_T5_P1/Drivers/API/Src" -O0 -ffunction-sections -fdata-sections -Wall -fstack-usage -fcyclomatic-complexity -MMD -MP -MF"Src/main.d" -MT"Src/main.o" --specs=nano.specs -mfpu=fpv4-sp-d16 -mfloat-abi=hard -mthumb -o "Src/main.o"
arm-none-eabi-gcc -o "Practica_T5_P1.elf" @"objects.list"   -mcpu=cortex-m4 -T"C:\WORKSPACE_STM32\PdM_workspace\Practica_T5_P1\STM32F429ZITX_FLASH.ld" --specs=nosys.specs -Wl,-Map="Practica_T5_P1.map" -Wl,--gc-sections -static --specs=nano.specs -mfpu=fpv4-sp-d16 -mfloat-abi=hard -mthumb -Wl,--start-group -lc -lm -Wl,--end-group
C:/ST/STM32CubeIDE_1.13.0/STM32CubeIDE/plugins/com.st.stm32cube.ide.mcu.externaltools.gnu-tools-for-stm32.12.3.rel1.win32_1.0.100.202403111256/tools/bin/../lib/gcc/arm-none-eabi/12.3.1/../../../../arm-none-eabi/bin/ld.exe: warning: Practica_T5_P1.elf has a LOAD segment with RWX permissions
Finished building target: Practica_T5_P1.elf
 
arm-none-eabi-size  Practica_T5_P1.elf 
arm-none-eabi-objdump -h -S Practica_T5_P1.elf  > "Practica_T5_P1.list"
   text	   data	    bss	    dec	    hex	filename
   9028	     64	   1640	  10732	   29ec	Practica_T5_P1.elf
Finished building: default.size.stdout
Finished building: Practica_T5_P1.list
 
 

22:16:59 Build Finished. 0 errors, 1 warnings. (took 12s.198ms)

